
 ets Jan  8 2013,rst cause:2, boot mode:(3,7)

load 0x40100000, len 7144, room 16
tail 8
chksum 0x80
load 0x3ffe8408, len 24, room 0
tail 8
chksum 0x09
load 0x3ffe8420, len 3336, room 0
tail 8
chksum 0x14
I (46) boot: ESP-IDF v3.4-dev-363-gdda5062c-dirty 2nd stage bootloader
I (46) boot: compile time 01:18:03
I (47) qio_mode: Enabling default flash chip QIO
I (55) boot: SPI Speed      : 40MHz
I (62) boot: SPI Mode       : QIO
I (68) boot: SPI Flash Size : 2MB
I (74) boot: Partition Table:
I (79) boot: ## Label            Usage          Type ST Offset   Length
I (91) boot:  0 nvs              WiFi data        01 02 00009000 00006000
I (102) boot:  1 phy_init         RF data          01 01 0000f000 00001000
I (114) boot:  2 factory          factory app      00 00 00010000 000f0000
I (125) boot: End of partition table
I (132) esp_image: segment 0: paddr=0x00010010 vaddr=0x40210010 size=0x1affc (11                                                                             0588) map
I (182) esp_image: segment 1: paddr=0x0002b014 vaddr=0x4022b00c size=0x06e24 ( 2                                                                             8196) map
I (193) esp_image: segment 2: paddr=0x00031e40 vaddr=0x3ffe8000 size=0x00554 (                                                                               1364) load
I (194) esp_image: segment 3: paddr=0x0003239c vaddr=0x40100000 size=0x00080 (                                                                                128) load
I (207) esp_image: segment 4: paddr=0x00032424 vaddr=0x40100080 size=0x04ee8 ( 2                                                                             0200) load
I (227) boot: Loaded app from partition at offset 0x10000
Hello world!
Restarting in 10 seconds...
Restarting in 9 seconds...
Restarting in 8 seconds...
Restarting in 7 seconds...
Restarting in 6 seconds...
Restarting in 5 seconds...
Restarting in 4 seconds...
Restarting in 3 seconds...
Restarting in 2 seconds...
Restarting in 1 seconds...
Restarting in 0 seconds...
Restarting now.

 ets Jan  8 2013,rst cause:2, boot mode:(3,7)

load 0x40100000, len 7144, room 16
tail 8
chksum 0x80
load 0x3ffe8408, len 24, room 0
tail 8
chksum 0x09
load 0x3ffe8420, len 3336, room 0
tail 8
chksum 0x14
I (85) boot: ESP-IDF v3.4-dev-363-gdda5062c-dirty 2nd stage bootloader
I (85) boot: compile time 01:18:03
I (88) qio_mode: Enabling default flash chip QIO
I (104) boot: SPI Speed      : 40MHz
I (117) boot: SPI Mode       : QIO
I (130) boot: SPI Flash Size : 2MB
I (143) boot: Partition Table:
I (154) boot: ## Label            Usage          Type ST Offset   Length
I (177) boot:  0 nvs              WiFi data        01 02 00009000 00006000
I (200) boot:  1 phy_init         RF data          01 01 0000f000 00001000
I (223) boot:  2 factory          factory app      00 00 00010000 000f0000
I (246) boot: End of partition table
I (259) esp_image: segment 0: paddr=0x00010010 vaddr=0x40210010 size=0x1affc (11                                                                             0588) map
I (339) esp_image: segment 1: paddr=0x0002b014 vaddr=0x4022b00c size=0x06e24 ( 2                                                                             8196) map
I (353) esp_image: segment 2: paddr=0x00031e40 vaddr=0x3ffe8000 size=0x00554 (                                                                               1364) load
I (361) esp_image: segment 3: paddr=0x0003239c vaddr=0x40100000 size=0x00080 (                                                                                128) load
I (389) esp_image: segment 4: paddr=0x00032424 vaddr=0x40100080 size=0x04ee8 ( 2                                                                             0200) load
I (424) boot: Loaded app from partition at offset 0x10000
Hello world!
Restarting in 10 seconds...
Restarting in 9 seconds...
Restarting in 8 seconds...
Restarting in 7 seconds...
Restarting in 6 seconds...
Restarting in 5 seconds...
Restarting in 4 seconds...
Restarting in 3 seconds...
Restarting in 2 seconds...
Restarting in 1 seconds...
Restarting in 0 seconds...
Restarting now.

 ets Jan  8 2013,rst cause:2, boot mode:(3,7)

load 0x40100000, len 7144, room 16
tail 8
chksum 0x80
load 0x3ffe8408, len 24, room 0
tail 8
chksum 0x09
load 0x3ffe8420, len 3336, room 0
tail 8
chksum 0x14
I (85) boot: ESP-IDF v3.4-dev-363-gdda5062c-dirty 2nd stage bootloader
I (85) boot: compile time 01:18:03
I (88) qio_mode: Enabling default flash chip QIO
I (104) boot: SPI Speed      : 40MHz
I (117) boot: SPI Mode       : QIO
I (130) boot: SPI Flash Size : 2MB
I (143) boot: Partition Table:
I (154) boot: ## Label            Usage          Type ST Offset   Length
I (177) boot:  0 nvs              WiFi data        01 02 00009000 00006000
I (200) boot:  1 phy_init         RF data          01 01 0000f000 00001000
I (223) boot:  2 factory          factory app      00 00 00010000 000f0000
I (246) boot: End of partition table
I (259) esp_image: segment 0: paddr=0x00010010 vaddr=0x40210010 size=0x1affc (11                                                                             0588) map
I (339) esp_image: segment 1: paddr=0x0002b014 vaddr=0x4022b00c size=0x06e24 ( 2                                                                             8196) map
I (353) esp_image: segment 2: paddr=0x00031e40 vaddr=0x3ffe8000 size=0x00554 (                                                                               1364) load
I (361) esp_image: segment 3: paddr=0x0003239c vaddr=0x40100000 size=0x00080 (                                                                                128) load
I (389) esp_image: segment 4: paddr=0x00032424 vaddr=0x40100080 size=0x04ee8 ( 2                                                                             0200) load
I (424) boot: Loaded app from partition at offset 0x10000
Hello world!
Restarting in 10 seconds...
Restarting in 9 seconds...
Restarting in 8 seconds...
